[backblue.gif]
[fade.gif]
[index.html]
[www.cs.cf.ac.uk/Dave/C/node1.html]
[www.cs.cf.ac.uk/Images/comscbg.gif]
[www.cs.cf.ac.uk/Dave/C/C.css]
[www.cs.cf.ac.uk/Dave/C/CDE.gif]
[www.cs.cf.ac.uk/Dave/C/CDE_panel.gif]
[www.cs.cf.ac.uk/Dave/C/win_frame.gif]
[www.cs.cf.ac.uk/opt/LaTeX2html/icons.gif/cross_ref_motif.gif]
[www.cs.cf.ac.uk/opt/LaTeX2html/icons.gif/foot_motif.gif]
[www.cs.cf.ac.uk/Dave/C/win_menu.gif]
[www.cs.cf.ac.uk/Dave/C/img2.gif]
[www.cs.cf.ac.uk/Dave/C/mwm_root.gif]
[www.cs.cf.ac.uk/Dave/C/node2.html]
[www.cs.cf.ac.uk/Dave/C/cmodel.gif]
[www.cs.cf.ac.uk/Dave/C/node3.html]
[www.cs.cf.ac.uk/Dave/C/img3.gif]
[www.cs.cf.ac.uk/Dave/C/cvar.gif]
[www.cs.cf.ac.uk/Dave/C/cpas.gif]
[www.cs.cf.ac.uk/Dave/C/img4.gif]
[www.cs.cf.ac.uk/Dave/C/img5.gif]
[www.cs.cf.ac.uk/Dave/C/img6.gif]
[www.cs.cf.ac.uk/Dave/C/img7.gif]
[www.cs.cf.ac.uk/Dave/C/node4.html]
[www.cs.cf.ac.uk/Dave/C/img8.gif]
[www.cs.cf.ac.uk/Dave/C/img9.gif]
[www.cs.cf.ac.uk/Dave/C/node5.html]
[www.cs.cf.ac.uk/Dave/C/img10.gif]
[www.cs.cf.ac.uk/Dave/C/node6.html]
[www.cs.cf.ac.uk/Dave/C/string.gif]
[www.cs.cf.ac.uk/Dave/C/node7.html]
[www.cs.cf.ac.uk/Dave/C/img11.gif]
[www.cs.cf.ac.uk/Dave/C/img12.gif]
[www.cs.cf.ac.uk/Dave/C/node8.html]
[www.cs.cf.ac.uk/Dave/C/node9.html]
[www.cs.cf.ac.uk/Dave/C/point.gif]
[www.cs.cf.ac.uk/Dave/C/float.gif]
[www.cs.cf.ac.uk/Dave/C/arrays.gif]
[www.cs.cf.ac.uk/Dave/C/img13.gif]
[www.cs.cf.ac.uk/Dave/C/img14.gif]
[www.cs.cf.ac.uk/Dave/C/strings.gif]
[www.cs.cf.ac.uk/Dave/C/arrptr.gif]
[www.cs.cf.ac.uk/Dave/C/img15.gif]
[www.cs.cf.ac.uk/Dave/C/link.gif]
[www.cs.cf.ac.uk/Dave/C/node10.html]
[www.cs.cf.ac.uk/Dave/C/btree.gif]
[www.cs.cf.ac.uk/Dave/C/node11.html]
[www.cs.cf.ac.uk/Dave/C/ptrtoptr.gif]
[www.cs.cf.ac.uk/Dave/C/ptrtostr.gif]
[www.cs.cf.ac.uk/Dave/C/argv.gif]
[www.cs.cf.ac.uk/Dave/C/img16.gif]
[www.cs.cf.ac.uk/Dave/C/node12.html]
[www.cs.cf.ac.uk/Dave/C/img17.gif]
[www.cs.cf.ac.uk/Dave/C/img18.gif]
[www.cs.cf.ac.uk/Dave/C/img19.gif]
[www.cs.cf.ac.uk/Dave/C/img20.gif]
[www.cs.cf.ac.uk/Dave/C/img21.gif]
[www.cs.cf.ac.uk/Dave/C/img22.gif]
[www.cs.cf.ac.uk/Dave/C/img23.gif]
[www.cs.cf.ac.uk/Dave/C/img24.gif]
[www.cs.cf.ac.uk/Dave/C/drive.gif]
[www.cs.cf.ac.uk/Dave/C/node13.html]
[www.cs.cf.ac.uk/Dave/C/img25.gif]
[www.cs.cf.ac.uk/Dave/C/node14.html]
[www.cs.cf.ac.uk/Dave/C/node15.html]
[www.cs.cf.ac.uk/Dave/C/node16.html]
[www.cs.cf.ac.uk/Dave/C/img26.gif]
[www.cs.cf.ac.uk/Dave/C/img27.gif]
[www.cs.cf.ac.uk/Dave/C/node17.html]
[www.cs.cf.ac.uk/Dave/C/stream.gif]
[www.cs.cf.ac.uk/Dave/C/node18.html]
[www.cs.cf.ac.uk/Dave/C/node19.html]
[www.cs.cf.ac.uk/Dave/C/img28.gif]
[www.cs.cf.ac.uk/Dave/C/node20.html]
[www.cs.cf.ac.uk/Dave/C/node21.html]
[www.cs.cf.ac.uk/Dave/C/node22.html]
[www.cs.cf.ac.uk/Dave/C/node23.html]
[www.cs.cf.ac.uk/Dave/C/node24.html]
[www.cs.cf.ac.uk/Dave/C/message.gif]
[www.cs.cf.ac.uk/Dave/C/node25.html]
[www.cs.cf.ac.uk/Dave/C/node26.html]
[www.cs.cf.ac.uk/Dave/C/node27.html]
[www.cs.cf.ac.uk/Dave/C/node28.html]
[www.cs.cf.ac.uk/Dave/C/mthread.gif]
[www.cs.cf.ac.uk/Dave/C/thread_stack.gif]
[www.cs.cf.ac.uk/Dave/C/matrix.gif]
[www.cs.cf.ac.uk/Dave/C/solaris_thr.gif]
[www.cs.cf.ac.uk/Dave/C/img29.gif]
[www.cs.cf.ac.uk/Dave/C/img30.gif]
[www.cs.cf.ac.uk/Dave/C/node29.html]
[www.cs.cf.ac.uk/Dave/C/node30.html]
[www.cs.cf.ac.uk/Dave/C/node31.html]
[www.cs.cf.ac.uk/Dave/C/node32.html]
[www.cs.cf.ac.uk/Dave/C/rpc.gif]
[www.cs.cf.ac.uk/Dave/C/node33.html]
[www.cs.cf.ac.uk/Dave/C/node34.html]
[www.cs.cf.ac.uk/Dave/C/mod.gif]
[www.cs.cf.ac.uk/Dave/C/node35.html]
[www.cs.cf.ac.uk/Dave/C/footnode.html]
